
≡ƒº¬ Grid Describer (Task 5.1)

--- hexToRgb ---

--- rgbToHsl ---

--- classifyHue ---

--- classifyDensity ---

--- midiToNoteName ---

--- extractPalette ---
node :   FAIL: blue 
palette = cool ΓÇö got 
"neutral", expected 
"cool"
At line:1 char:1
+ node tests/test-grid-
describer.js > 
test_output.txt 2>&1
+ ~~~~~~~~~~~~~~~~~~~~~
~~~~~~~~~~~~~~~~~~~~~~~
~~~~~~~~~~~~
    + CategoryInfo     
         : NotSpecifi  
  ed: (  FAIL: blue    
 pa...expected "coo    
l":String) [], Rem    
oteException
    + FullyQualifiedEr 
   rorId : NativeComm  
  andError
 
  FAIL: mixed warmth 
is valid

--- findRegions ---

--- labelRegion ---

--- analyzeAudio ---

--- analyzeSpatial ---

--- describeGrid (integration) ---

--- describeGrid (overloaded signature) ---

--- describeGrid (invalid frame) ---

Grid Describer: 91 passed, 2 failed
